// Jest Snapshot v1, https://goo.gl/fbAQLP

exports[`npx noriste Should print all the info 1`] = `
"
   ╭────────────────────────────────────────────────────────────────────╮
   │                                                                    │
   │   Stefano Magni (NoriSte)                                          │
   │   Passionate, positive-minded Front-end developer.                 │
   │   JavaScript and testing lover.                                    │
   │                                                                    │
   │         Twitter: https://twitter.com/NoriSte                       │
   │        LinkedIn: https://www.linkedin.com/in/noriste/              │
   │   StackOverflow: https://stackoverflow.com/users/700707/noriste    │
   │      Slides.com: https://slides.com/noriste                        │
   │          Resume: https://www.visualcv.com/stefano-magni/           │
   │             NPM: https://www.npmjs.com/settings/noriste/packages   │
   │                                                                    │
   ╰────────────────────────────────────────────────────────────────────╯

"
`;
